// Jest Snapshot v1, https://goo.gl/fbAQLP

exports[`Button test renders 1`] = `
<body>
  <div>
    <button
      class="MuiButton-root MuiButton-text MuiButton-textPrimary MuiButton-sizeMedium MuiButton-textSizeMedium MuiButtonBase-root  css-1435yey-MuiButtonBase-root-MuiButton-root"
      tabindex="0"
      type="button"
    >
      Bitspro
      <span
        class="MuiTouchRipple-root css-8je8zh-MuiTouchRipple-root"
      />
    </button>
  </div>
</body>
`;
